{
    "sarscov2 - metagenome - kraken report": {
        "content": [
            [
                "versions.yml:md5,ceb2c795b4a96893c8fc6469d32c7bf0"
            ]
        ],
        "meta": {
            "nf-test": "0.9.2",
            "nextflow": "24.10.5"
        },
        "timestamp": "2025-04-24T15:44:35.45341"
    },
    "sarscov2 - metagenome - kraken report - stub": {
        "content": [
            [
                "versions.yml:md5,ceb2c795b4a96893c8fc6469d32c7bf0"
            ]
        ],
        "meta": {
            "nf-test": "0.9.2",
            "nextflow": "24.10.5"
        },
        "timestamp": "2025-04-24T15:46:28.362979"
    }
}
